main.c:59:6:display7SEG	16	static
main.c:145:6:updateClockBuffer	4	static
main.c:151:6:clear	8	static
main.c:157:6:clearMatrix	8	static
main.c:171:6:enPin	16	static
main.c:174:6:DisplayMatrix	16	static
main.c:215:6:update7SEG	16	static
main.c:245:6:updateLEDMatrix	16	static
main.c:290:5:main	8	static
main.c:379:6:SystemClock_Config	72	static
main.c:412:13:MX_TIM2_Init	32	static
main.c:454:13:MX_GPIO_Init	32	static
main.c:502:6:HAL_TIM_PeriodElapsedCallback	16	static
main.c:511:6:Error_Handler	4	static,ignoring_inline_asm
